../Core/Src/main.c:121:5:main	8	static
../Core/Src/main.c:248:6:SystemClock_Config	104	static
../Core/Src/main.c:314:6:PeriphCommonClock_Config	72	static
../Core/Src/main.c:334:6:MX_ADC4_Init	24	static
../Core/Src/main.c:403:6:MX_CRC_Init	8	static
../Core/Src/main.c:436:13:MX_GPDMA1_Init	16	static
../Core/Src/main.c:468:13:MX_I2C1_Init	8	static
../Core/Src/main.c:516:6:MX_ICACHE_Init	8	static
../Core/Src/main.c:548:13:MX_IWDG_Init	64	static
../Core/Src/main.c:605:6:MX_RAMCFG_Init	8	static
../Core/Src/main.c:634:6:MX_RNG_Init	8	static
../Core/Src/main.c:661:6:MX_RTC_Init	88	static
../Core/Src/main.c:731:13:MX_TIM2_Init	40	static
../Core/Src/main.c:776:6:MX_USART1_UART_Init	8	static
../Core/Src/main.c:824:13:MX_GPIO_Init	40	static
../Core/Src/main.c:875:9:convertToHex	24	static
../Core/Src/main.c:886:6:HAL_TIM_PeriodElapsedCallback	16	static
../Core/Src/main.c:907:6:updateData	40	static
../Core/Src/main.c:950:6:HAL_GPIO_EXTI_Rising_Callback	16	static
../Core/Src/main.c:961:6:testRs	32	static
../Core/Src/main.c:997:6:ADC_Select_CH2	24	static
../Core/Src/main.c:1011:6:ADC_Select_CHTemp	24	static
../Core/Src/main.c:1025:7:processADC	16	static
../Core/Src/main.c:1040:7:mapfloat	32	static
../Core/Src/main.c:1044:6:pushDataOverBLE	8	static
../Core/Src/main.c:1058:6:Error_Handler	4	static,ignoring_inline_asm
