../Drivers/CMSIS/Include/core_cm33.h:2390:22:__NVIC_EnableIRQ	16	static,ignoring_inline_asm
../Drivers/CMSIS/Include/core_cm33.h:2428:22:__NVIC_DisableIRQ	16	static,ignoring_inline_asm
../Drivers/STM32WBAxx_HAL_Driver/Inc/stm32wbaxx_ll_rcc.h:1708:22:LL_RCC_RADIO_DisableSleepTimerClock	4	static
../Core/Src/stm32wbaxx_it.c:87:6:NMI_Handler	4	static
../Core/Src/stm32wbaxx_it.c:102:6:HardFault_Handler	4	static
../Core/Src/stm32wbaxx_it.c:117:6:MemManage_Handler	4	static
../Core/Src/stm32wbaxx_it.c:132:6:BusFault_Handler	4	static
../Core/Src/stm32wbaxx_it.c:147:6:UsageFault_Handler	4	static
../Core/Src/stm32wbaxx_it.c:162:6:SVC_Handler	4	static
../Core/Src/stm32wbaxx_it.c:175:6:DebugMon_Handler	4	static
../Core/Src/stm32wbaxx_it.c:188:6:PendSV_Handler	4	static
../Core/Src/stm32wbaxx_it.c:201:6:SysTick_Handler	8	static
../Core/Src/stm32wbaxx_it.c:222:6:RTC_IRQHandler	8	static
../Core/Src/stm32wbaxx_it.c:236:6:RCC_IRQHandler	8	static
../Core/Src/stm32wbaxx_it.c:264:6:EXTI6_IRQHandler	8	static
../Core/Src/stm32wbaxx_it.c:278:6:GPDMA1_Channel0_IRQHandler	8	static
../Core/Src/stm32wbaxx_it.c:292:6:GPDMA1_Channel1_IRQHandler	8	static
../Core/Src/stm32wbaxx_it.c:306:6:GPDMA1_Channel2_IRQHandler	8	static
../Core/Src/stm32wbaxx_it.c:320:6:TIM2_IRQHandler	8	static
../Core/Src/stm32wbaxx_it.c:334:6:I2C1_EV_IRQHandler	8	static
../Core/Src/stm32wbaxx_it.c:348:6:I2C1_ER_IRQHandler	8	static
../Core/Src/stm32wbaxx_it.c:362:6:USART1_IRQHandler	8	static
../Core/Src/stm32wbaxx_it.c:376:6:ADC4_IRQHandler	8	static
../Core/Src/stm32wbaxx_it.c:390:6:RADIO_IRQHandler	8	static,ignoring_inline_asm
../Core/Src/stm32wbaxx_it.c:412:6:HASH_IRQHandler	8	static
