../Drivers/CMSIS/Include/core_cm33.h:2390:22:__NVIC_EnableIRQ	16	static,ignoring_inline_asm
../Drivers/CMSIS/Include/core_cm33.h:2428:22:__NVIC_DisableIRQ	16	static,ignoring_inline_asm
../Drivers/STM32WBAxx_HAL_Driver/Inc/stm32wbaxx_ll_rcc.h:1708:22:LL_RCC_RADIO_DisableSleepTimerClock	4	static
../Core/Src/stm32wbaxx_it.c:82:6:NMI_Handler	4	static
../Core/Src/stm32wbaxx_it.c:97:6:HardFault_Handler	4	static
../Core/Src/stm32wbaxx_it.c:112:6:MemManage_Handler	4	static
../Core/Src/stm32wbaxx_it.c:127:6:BusFault_Handler	4	static
../Core/Src/stm32wbaxx_it.c:142:6:UsageFault_Handler	4	static
../Core/Src/stm32wbaxx_it.c:157:6:SVC_Handler	4	static
../Core/Src/stm32wbaxx_it.c:170:6:DebugMon_Handler	4	static
../Core/Src/stm32wbaxx_it.c:183:6:PendSV_Handler	4	static
../Core/Src/stm32wbaxx_it.c:196:6:SysTick_Handler	8	static
../Core/Src/stm32wbaxx_it.c:217:6:RTC_IRQHandler	8	static
../Core/Src/stm32wbaxx_it.c:231:6:RCC_IRQHandler	8	static
../Core/Src/stm32wbaxx_it.c:259:6:EXTI6_IRQHandler	8	static
../Core/Src/stm32wbaxx_it.c:273:6:GPDMA1_Channel0_IRQHandler	8	static
../Core/Src/stm32wbaxx_it.c:287:6:GPDMA1_Channel1_IRQHandler	8	static
../Core/Src/stm32wbaxx_it.c:301:6:I2C1_EV_IRQHandler	8	static
../Core/Src/stm32wbaxx_it.c:315:6:I2C1_ER_IRQHandler	8	static
../Core/Src/stm32wbaxx_it.c:329:6:USART1_IRQHandler	8	static
../Core/Src/stm32wbaxx_it.c:343:6:RADIO_IRQHandler	8	static,ignoring_inline_asm
../Core/Src/stm32wbaxx_it.c:365:6:HASH_IRQHandler	8	static
